#S2
#Titel Lifestyle - Inhalt
#Logo gadget21:pinsel/ag.Lifestyle
#Font topaz 8
#C31
Musik
#C21

Sting: "Fields of Gold" .   1
Pitchfork : "Alpha ..." .  11
Dust of... : "Regress" ..  18
Lakaien : "Acoustic" ....  23
Aphex Twin : "Donkey.." .  27
NIN : "Further down.." ..  31

#C30
Fish
#C21

FishNet-Interview .......  36
Tourneedaten ............  99
Fish : "Yin" ............ 102
#Spaltenende
#Y+27
#C31
Frühstyxradio (FSR)
#C21

753 Jahre FSR ........... 111
Winnetou ................ 117
Kleine Italiener ........ 122
Kurt & Gürgen ........... 129
Mammas Blähungen ........ 134
Siggi & Reinhard ........ 138
10 kleine Glatzen ....... 144

#C31
Literatur
#C21

Die Geheime Geschichte .. 147
Hot Zone ................ 158
Das Superweib ........... 172

#C31
Kulinarisches
#C21

Kekse ................... 183
#C31
Studium
#C21

Einführung .............. 185
Studienfach : Chemie .... 187

#C31
Kino
#C21

Der erste Ritter ........ 195

#C30
100 Jahre Kino
#C21

Eine Geburtstagsrede .... 205
Der Gadget - Wettbewerb . 215
#Spaltenende
#Y+70
#C10
 "Doctor Rumack:  When are we
 going  to be  able to  land?
 Ted Striker:  I can't  tell.
 Doctor Rumack:  You can tell
 me,     I'm    a     doctor.
 Ted Striker:   I don't know.
 Doctor Rumack:  Well,  can't
 you     take    a     guess?
 Ted Striker:     Not     for
 another      two      hours.
 Doctor Rumack:   You   can't
 take a guess for another two
 hours?"
  -- Leslie Nielsen und Lloyd
        Bridges in "Airplane"
