#S2
#Titel Lifestyle - Inhalt
#Logo gadget31:pinsel/ag.Lifestyle
#Font topaz 8
#C31
Musik

#C10
Fish                    :
#C21
#Y-10
                            "Sunsets on Empire" .................   1
#C10
Biosphere               :
#C21
#Y-10
                            "Substrata" .........................  16
#C10
Republica               :
#C21
#Y-10
                            "Republica" .........................  21
#C10
Jethro Tull             :
#C21
#Y-10
                            "Thick as a Brick-Special Edition" ..  31

#C31
Konzerte
#C21

Roger Chapman in Cölbe ..  41
Das Hurrican-Festival ...  49
Jethro Tull in Gießen ...  54

#C10
"Im  Leben lernt  der  Mensch
 zuerst  Gehen und  Sprechen.
 Später lernt er dann,  still
 zu  sitzen und  den Mund  zu
 halten."
             -- Marcel Pagnol
#Spaltenende
#Y+97
#C31
Kunst
#C21

Kunst 2..................  66
Zu Goethe ...............  70

#C31
Kulinarisches
#C21

Auberginenscheiben.. ....  77

#C31
Wissenschaft
#C21

Vorsicht Zecken .........  81
#C31
TV
#C21

Love & War ..............  86

#C31
Kino
#C21

Wilde Kreaturen .........  92
Con Air ................. 101
Speed 2-Cruise Control .. 118
