#S2
#Titel Lifestyle - Inhalt
#Logo gadget28:pinsel/ag.Lifestyle
#Font topaz 8
#C31
Musik
#C21

#C10
Martin Barre            :
#C21
#Y-10
                            "The Meeting" .......................   1
#C10
Iris                    :
#C21
#Y-10
                            "Crossing the Desert" ...............  10
#C10
Fish                    :
#Y-10
#C21
                            "Krakow" ............................  16

#C31
Frühstyxradio
#C21

Isernhagen Law: USA -> EG  27
Arschkrampen: Weihnachten  32
Arschkrampen: 7. Mai 1945  36
#Y+20
#C10
 "Ich  bin  Anwalt.  Mit  der
  Wahrheit will ich nichts zu
  tun haben."
         -- Fywush Finkel als
  Wambaugh in "Picket Fences"
#Spaltenende
#Y+87
#C31
Kulinarisches
#C21

Alles rund ums Essen..(2)  42

#C31
Kino
#C21

Tödliche Weihnachten ....  49
ST: Der erste Kontakt ...  55

#C31
Literatur
#C21

Sex and Crime ...........  64
#Seitenende
#C31
TV
#C21

Fawlty Towers ...........  66

#C31
Studium
#C21

Einleitung ..............  74
Studienort: Hamburg (Uni)  76
