#S2
#Titel Lifestyle - Inhalt
#Logo gadget45:pinsel/ag.Lifestyle
#Font topaz 8

#C31
Veranstaltungen
#C21

Expo 2000 (2) ...........   1

#C31
Konzert
#C21

DreamTheater in Offenbach   4
King Crimson in Bonn ....  13

#C31
Kino
#C21

Mission To Mars ......(E)  23
Hennen rennen ...........  27
Minimaltainment .........  31
#Spaltenende
#Y+37
#C31
TV
#C21

Futurama ................  39
#Y+50
#C10
"There's  very little  advice
 in men's  magazines  because
 men  don't think  there's  a
 lot  they don't know.  Women
 do. Women want to learn. Men
 think,   `I  know  what  I'm
 doing, just show me somebody
 naked.'"
            -- Jerry Seinfeld
#Seitenende

#C31
Musik

#C10
Dirtbox       :
#C21
#Y-10
                "Uneasy Listening" ..............................  47
#C10
Neal Morse    :
#C21
#Y-10
                "Neal Morse" ....................................  57
#C10
Marillion     :
#C21
#Y-10
                "Zodiac" ........................................  66
#C10
Arena         :
#C21
#Y-10
                "Immortal?" ..................................(1)  75
                "Immortal?" ..................................(2)  77
#C10
Dream Theater :
#C21
#Y-10
                "Through Her Eyes" ..............................  95
#C10
Sciss         :
#C21
#Y-10
                "Azoiphon" ...................................... 100
#C10
Spock's Beard :
#C21
#Y-10
                "Don't Try This At Home" ........................ 109
#C10
Ian Anderson  :
#C21
#Y-10
                "The Secret Language Of Birds" .................. 115
#C10
Peter Gabriel :
#C21
#Y-10
                "Ovo" ........................................... 123
