#S2
#Titel Lifestyle - Inhalt
#Logo gadget38:pinsel/ag.Lifestyle
#Font topaz 8
#C31
Musik

#C10
Fish                :
#C21
#Y-10
                      "Tales From The Big Bus" ..................   1
#C10
Legendary Pink Dots :
#C21
#Y-10
                      "Nemesis Online"/ "The Premillenium Single"  10
#C10
Marillion           :
#C21
#Y-10
                      "Radiation" (1) ...........................  14
#C10
Marillion           :
#C21
#Y-10
                      "Radiation" (2) ...........................  18
#C10
Oldfield, Mike      :
#C21
#Y-10
                      "Tubular Bells III" .......................  32

#C31
Kulinarisches
#C21

Der Tiger im Tank .......  44


#C10
"Wer  nicht in der Lage  ist,
 Halbinseln  mit zwei  Binde-
 strichen  allein  wegen  der
 Bindestriche  zu lieben, ist
 seelisch krank."
                 -- Max Goldt
#Spaltenende
#Y+107
#C31
Reise
#C21

Sölden - dem Himmel näher  55

#C31
Konzert
#C21

Fish live in Duisburg ...  61

#C31
Kino
#C21

Katertainment ...........  74
