#S2
#Titel Lifestyle - Inhalt
#Logo gadget34:pinsel/ag.Lifestyle
#Font topaz 8
#C31
Musik

#C10
Arena                   :
#C21
#Y-10
                            "Welcome To The Stage" ..............   1
#C10
Pendragon               :
#C21
#Y-10
                            "Live In Krakow 1996" ...............   9
#C10
Colosseum               :
#C21
#Y-10
                            "Bread & Circuses" ..................  16
#C10
IQ                      :
#C21
#Y-10
                            "Subterranea" .......................  25

#C31
Konzerte
#C21

LPD in Enger ............  36

#C31
Kulinarisches
#C21

Leckeres mit Pilzen .....  41

#C31
Kult
#C21

Dinner for One ..........  45
#Spaltenende
#Y+97
#C10
"Je  mehr  Käse,  desto  mehr
 Löcher.   Je  mehr   Löcher,
 desto weniger Käse. Ergo: Je
 mehr  Käse,   desto  weniger
 Käse."
         -- Nico Schirwing in
     "de.comm.software.pmail"

#C31
Kunst
#C21

Tim und die Alphakunst ..  47
#Spaltenende
#C31
Frühstyxradio
#C21

I-Law: Langeweile .......  60
I-Law: Tischtennis ......  66
Arschkrampen: Buch ......  71

#C31
Literatur
#C21

E.G.Tange:"Zitatenschatz"  76

#C31
Kino
#C21

Gagatainment ............  82
