#S2
#Titel Lifestyle - Inhalt
#Logo gadget41:pinsel/ag.Lifestyle
#Font topaz 8
#C31
Musik

#C10
Fish          :
#C21
#Y-10
                "Raingods With Zippos" (2) ......................   1
#C10
Marillion     :
#C21
#Y-10
                "Unplugged At The Walls" ........................  22
#C10
Anathema      :
#C21
#Y-10
                "Judgement" .....................................  34
#C10
Arena         :
#C21
#Y-10
                "The Visitor - Revisited"  ......................  38
#C10
Spock's Beard :
#C21
#Y-10
                "Day For Night" .................................  46

#C31
Kulinarisches
#C21

Leckeres mit Spargel ....  56

#C31
Mode
#C21

Der Stoff aus dem... ....  67

#C31
Reise
#C21

Pack mich ...............  74
#Spaltenende
#Y+107
#C31
Kult
#C21

Faszination Kult ........  81

#C31
Frühstyxradio
#C21

Arschkrampen:Lebensbilanz  88

#C31
Konzert
#C21

Jethro Tull in Baunatal .  93
#C31
Video
#C21

Fish - Duisburg '98 ..... 104
Fish - Kettle Of Fish ... 111
Arena - Open Your Eyes .. 121

#C31
Kino
#C21

Entnervtainment ......... 128



#C10
"I may be an ass, but it took
 me  a  long  time  to become
 one."
        -- Greg Cruttwell als
               Alan Hopper in
       "2 Days in the Valley"
