#S2
#Titel Lifestyle - Inhalt
#Logo gadget22:pinsel/ag.Lifestyle
#Font topaz 8
#C31
Musik
#C21

#C10
Fish                    :
#C21
#Y-10
                            "Yang" ..............................   1
#C10
Das Auge Gottes         :
#C21
#Y-10
                            "Das kleine Leben" ..................  12
#C10
Selig                   :
#C21
#Y-10
                            "hier:" .............................  15
#C10
The Smashing Pumpkins   :
#C21
#Y-10
                            "Mellon Collie and the Infinite.." ..  18
#C10
Jethro Tull             :
#C21
#Y-10
                            "Roots to Branches" .................  21
#C10
Project Pitchfork       :
#C21
#Y-10
                            "Chi`i" .............................  31
#C10
Sampler                 :
#C21
#Y-10
                            "Tyranny OFF the BEAT" ..............  36
#Y+50
#C31
Konzerte
#C21

Selig - live in Potsdam .   41
Open Air Neuwürschnitz ..   46
#Spaltenende
#Y+127
#C10
 "Es gibt drei Dinge,  die im
  Leben   notwendig   sind  :
  Respekt  vor jeder Art  von
  Leben,   ein   regelmäßiger
  Stuhlgang  und   ein   Navy
  Blazer."
  -- Robin Williams als Parry
   in "Der König der Fischer"
#Seitenende
#C31
Frühstyxradio (FSR)
#C21

Die Therapie- Betrüger ..  49
Die Therapie- Bewerbung .  58
Drei Schweinchen ........  68
Die 70er ................  72
Ode an den Herbst .......  75
Frieda&Anneliese-Pflaumen  79
Rassehundeschau .........  84
Frl. Edit - Beine breit .  91
Tierfreund - Der Herbst .  95
Uschi - Schwedenlied ....  98
Kurt&Gürgen- Pflaumenbaum 101
Kurt&Gürgen- draußen .... 107
Isernhagen Law - Urteil . 115
Isernhagen Law - VW ..... 124
#Spaltenende

#C31
Kulinarisches
#C21

Maissalat ............... 134

#C31
Studium
#C21

Einleitung .............. 135
Studienfach : Jura ...... 137

#C31
Schule
#C21

Abitur 1938 ............. 147

#C31
Kino
#C21

Species ................. 152

#C31
TV
#C21

Earth 2 ................. 160
