#S2
#Titel Lifestyle - Inhalt
#Logo gadget37:pinsel/ag.Lifestyle
#Font topaz 8
#C31
Musik

#C10
Nick Cave&The Bad Seeds :
#C21
#Y-10
                            "The Best Of" .......................   1
#C10
Marillion               :
#C21
#Y-10
                            "Piston Broke" ......................   8
#C10
C. Wallumr¢d Trio       :
#C21
#Y-10
                            "No Birch" ..........................  16
#C10
Spock's Beard           :
#C21
#Y-10
                            "The Kindness Of Strangers" .........  22

#C31
Kulinarisches
#C21

Mikrokosmos des Dehnbaren  33

#C31
Frühstyxradio
#C21

I-Law: War ich's nun ? ..  42
Arschkr.: Schwanzmessen .  48

#C31
Kult
#C21

Karten-Welten: TCG ......  51
#Spaltenende
#Y+97
#C31
Reportage
#C21

Besuch im Zoo ...........  55
Nicht rennen ! ..........  57
Rotes Kreuz .............  65


#C10
"God  doesn't plays dice with
 the universe."
"No,  he just plays  hide and
 seek."
               -- Woody Allen
#C31
Mode
#C21

Push It Up !.............  66

#C31
Reise
#C21

Reif für die Insel ? ....  72

#C31
Sport
#C21

Sk8 on ..................  78

#C31
Kino
#C21

Harry außer sich ........  85
Sehr verdächtig .........  92
Ententainment ...........  98
