#S2
#Titel Lifestyle - Inhalt
#Logo gadget42:pinsel/ag.Lifestyle
#Font topaz 8
#C31
Musik

#C10
The Gathering :
#C21
#Y-10
                "How To Measure A Planet ?" .....................   1
#C10
Diverse       :
#C21
#Y-10
                "Hope For The Future" ...........................   6
#C10
Jethro Tull   :
#C21
#Y-10
                "j-tull dot com" ................................  19

#C31
Mode
#C21

Ein Unterhemd ...........  31


#C10
"Pilotfish:  80  Schnitte  in
 30 Sekunden  -  das  braucht
 die Techno-Generation, sonst
 f‰llt es unter  die Wahrneh-
 mungsschwelle."
  -- Ralph Babel in #AmigaGER
#Spaltenende
#Y+87
#C31
Reise
#C21

First Order: London .....  35

#C31
Kult
#C21

Einsteigen !  Mitfahren !  39

#C31
Fr¸hstyxradio
#C21

Interview mit  O. Kalkofe  43


#C31
Konzert
#C21

Morse&D'Virgilio i.Gieﬂen  53

#C31
Video
#C21

Dream Theater - 5 Years..  60

#C31
TV
#C21

First Wave ..............  67

#C31
Kino
#C21

The Opposite Of Sex .....  76
Werner: Volles Ro‰‰‰‰!!!!  85
Apathainment ............  87
