#S2
#Titel Lifestyle - Inhalt
#Logo gadget27:pinsel/ag.Lifestyle
#Font topaz 8
#C31
Musik
#C21

#C10
Arena                   :
#C21
#Y-10
                            "Pride" .............................   1
#C10
Diverse                 :
#C21
#Y-10
                            "MR-CD-06421" .......................  12
#C10
The Wishing Tree        :
#Y-10
#C21
                            "Carnival of Souls" .................  28

#C31
Reise
#C21

HongKong-mehr als eine...  38

#C31
Kulinarisches
#C21

Alles rund ums Essen.. ..  52

#C31
Frühstyxradio
#C21

Brettermeier, der.. .....  59
Neue Methoden im.. ......  63
#Spaltenende
#Y+87
#C31
Kino
#C21

Independence Day ........  69
Rumble in the Bronx .....  74
Bound - Gefesselt .......  85
#C10

 "I'm astounded by people who
  want to 'know' the universe
  when  it's hard  enough  to
  find    your   way   around
  Chinatown."
               -- Woody Allen
#Seitenende
#C31
Kunst
#C21

Surrealismus... .........  94

#C31
Wissenschaft
#C21

Epilepsie ............... 101

#C31
TV
#C21

privatfernsehen ......... 113

#C31
Literatur
#C21

Obelix auf Kreuzfahrt ... 122
