#S2
#Titel Lifestyle - Inhalt
#Logo gadget43:pinsel/ag.Lifestyle
#Font topaz 8
#C31
Musik

#C10
Soundtrack        :
#C21
#Y-10
                    "Eiskalte Engel" ............................   1
#C10
Pain Of Salvation :
#C21
#Y-10
                    "One Hour By The Concrete Lake" .............   6
#C10
Marillion         :
#C21
#Y-10
                    "marillion.com" ..........................(1)  14
#C10
Hobbit            :
#C21
#Y-10
                    "Two Feet Tall" .............................  22
#C10
Oldfield, Mike    :
#C21
#Y-10
                    "The Millennium Bell" .......................  32
#C10
Helloween         :
#C21
#Y-10
                    "Metal Jukebox" .............................  45

#C31
Mode
#C21

Fetisch .................  53


#C10
"I  know  at  least  one  big
 Brazilian ruin, Daniel. It's
 Ronaldo."
           -- <kivanl@orc.ru>
#Spaltenende
#Y+117
#C31
Reise
#C21

Malta ...................  59
Pauschal-Camping ........  65

#C31
Kult

#C21
Schlager ................  74


#C31
Frühstyxradio
#C21

Heiligabend im... .......  78

#C31
Kino
#C21

Brain & Dead ............  83
