#S2
#Titel Lifestyle - Inhalt
#Logo gadget36:pinsel/ag.Lifestyle
#Font topaz 8
#C31
Musik

#C10
Soundtrack              :
#C21
#Y-10
                            "Wag The Dog" .......................   1
#C10
Marillion/Positive Light:
#C21
#Y-10
                            "Tales From The Engine Room" ........   7
#C10
Nils Petter Molvær      :
#C21
#Y-10
                            "Khmer" .............................  17
#C10
Ketil Bjcrnstad         :
#C21
#Y-10
                            "The Sea II" ........................  24
#C10
Cairo                   :
#C21
#Y-10
                            "Conflict And Dreams" ...............  31
#C10
Keith Jarrett           :
#C21
#Y-10
                            "Tokyo '96" .........................  36
#C10
Arena                   :
#C21
#Y-10
                            "The Visitor" ....................(1)  44
#C10
Arena                   :
#C21
#Y-10
                            "The Visitor" ....................(2)  47

#C31
Reportage
#C21

Verlobung ...............  59

#C31
Frühstyxradio
#C21

I-Law: Penis ............  62
Arschkrampen: Robinson ..  69
#Spaltenende
#Y+137
#C10
"Ich  bin  blond,  sexistisch
 und chouvinistisch... Willst
 Du    mehr    ueber    meine
 positiven Seiten wissen?"
 "Orthographie?"
             -- Jan Duhsa und
      Thorsten Stocksmeier in
     "de.comp.sys.amiga.misc"
#C31
Kino
#C21

Gammeltainment ..........  73
Der Mann in der.. .......  85
Deep Impact .............  92
Doberman ................ 102
Scream 2 .............(1) 106
Scream 2 .............(2) 110
