#S2
#Titel Lifestyle - Inhalt
#Logo gadget30:pinsel/ag.Lifestyle
#Font topaz 8
#C31
Musik

#C10
DJ Shadow               :
#C21
#Y-10
                            "Entroducing" .......................   1
#C10
Dulfer                  :
#C21
#Y-10
                            "Dig!" ..............................   5
#C10
The Orb                 :
#C21
#Y-10
                            "Orblivion" .........................   9
#C10
Kula Shaker             :
#C21
#Y-10
                            "K" .................................  14
#C10
Arena                   :
#C21
#Y-10
                            "The Cry" ...........................  17
#C10
Marillion               :
#C21
#Y-10
                            "This Strange Engine" ...............  23
#C10
Fury in the..           :
#C21
#Y-10
                            "Brilliant Thieves" .................  33
#C10
Karma To Burn           :
#C21
#Y-10
                            "Karma To Burn" .....................  44

#C31
Konzerte
#C21

Marillion-Termine .......  48
Arena in Wetzlar ........  49

#C31
Kunst
#C21

Kunst ...................  57
#Spaltenende
#Y+177
#C10
 "Wer das zweite Gesicht hat,
  dem   fehlt   mitunter  das
  erste."
           -- Julius Langbehn
#Spaltenende
#C31
Literatur
#C21

Death by Spaghetti ......  62

#C31
Kulinarisches
#C21

Bananenschleim ..........  71
Ein Dinner allein .......  76

#C31
Reise
#C21

Amsterdam ...............  84

#C31
Spiel
#C21

Junta ...................  96
#Spaltenende
#Y+27
#C31
Reportage
#C21

Das Fernrohr ............ 101

#C31
Wissenschaft
#C21

"Gen"-ial ? ............. 104

#C31
FSR
#C21

Isernh. Law:  Kunstfehler 109

#C31
Kino
#C21

Star Wars-Special Edition 115
Lost Highway ............ 126
